// Jest Snapshot v1, https://goo.gl/fbAQLP

exports[`App Renders page] 1`] = `
<div>
  Hello this is a react app
</div>
`;
